=== T12: route crawl (status, h1, noindex on public) ===
    alias /tools/error-codes/ → 301:http://127.0.0.1:9412/error-codes/
    / 200 hops=0 h1=1 noindex=0 OK
    /services/ 200 hops=0 h1=1 noindex=1 OK
    /brands/ 200 hops=0 h1=1 noindex=1 OK
    /problems/ 200 hops=0 h1=1 noindex=0 OK
    /tools/ 200 hops=0 h1=1 noindex=0 OK
    /tools/diagnosis/ 200 hops=0 h1=1 noindex=0 OK
    /tools/price-calculator/ 200 hops=0 h1=1 noindex=0 OK
    /tools/pixel-test/ 200 hops=0 h1=1 noindex=0 OK
    /error-codes/ 200 hops=0 h1=1 noindex=1 OK
    /repair/ 200 hops=0 h1=1 noindex=0 OK
    /repair/book/ 200 hops=0 h1=1 noindex=0 OK
    /tracking/ 200 hops=0 h1=1 noindex=0 OK
    /warranty/ 200 hops=0 h1=1 noindex=0 OK
    /portfolio/ 200 hops=0 h1=1 noindex=1 OK
    /blog/ 200 hops=0 h1=1 noindex=0 OK
    /about/ 200 hops=0 h1=1 noindex=0 OK
    /contact/ 200 hops=0 h1=1 noindex=0 OK
    /faq/ 200 hops=0 h1=1 noindex=0 OK
    /account/ 200 hops=0 h1=1 noindex=1 OK
    /account/repairs/ 200 hops=0 h1=1 noindex=1 OK
    /account/warranty/ 200 hops=0 h1=1 noindex=1 OK
    /account/profile/ 200 hops=0 h1=1 noindex=1 OK
    /dashboard/ 200 hops=0 h1=1 noindex=1 OK
PASS  T12-route-crawl
=== T13: booking validation (valid nonce, invalid fields → 422) ===
PASS  T13-invalid-booking-422
=== T16: booking prefill from diagnosis (rendered smoke; full matrix NOT TESTED) ===
    GET /repair/book/?from=diagnosis → 200 (template prefill logic statically reviewed)
INFO  T16-prefill: rendered smoke only — full symptom matrix NOT TESTED
=== T17: contact rate limit (6/h) ===
PASS  T17-contact-rate-limit
=== T23: dashboard per role ===
    pixva_technician → HTTP 200 (PII-hits=0)
    pixva_manager → HTTP 200 (PII-hits=0)
    editor → HTTP 200 (PII-hits=0)
PASS  T23-dashboard-roles
=== T24: REST endpoints ===
    GET /wp-json/pixva/v1/error-codes → 200
    GET /wp-json/pixva/v1/models?brand=1 → 200
    POST estimate {} → 200
    POST diagnosis(invalid) → 400
PASS  T24-rest-endpoints
=== T25: REST exposure ===
    users→404 orders→404
PASS  T25-rest-exposure
=== T27/T28: thin content noindex + front description ===
    hello-world code=200 noindex-hits=1 in-sitemap=0
PASS  T27-sample-noindex
PASS  T28-front-description
=== T31: robots.txt ===
    User-agent: *
    Disallow: /wp-admin/
    Allow: /wp-admin/admin-ajax.php
    
    Sitemap: http://127.0.0.1:9412/wp-sitemap.xml
PASS  T31-robots
=== T33: admin overview checklist ===
    checklist links=3
PASS  T33-admin-checklist
=== T35: sitemap integrity ===
    index: http://127.0.0.1:9412/wp-sitemap.xml
    checked=15 bad=0
PASS  T35-sitemap
=== T36: one-hop redirect variants ===
    /services → 200 hops=1
    /contact → 200 hops=1
    /about → 200 hops=1
    /faq → 200 hops=1
    /index.php/services/ → 200 hops=1
    /?pagename=services → 404 hops=0
PASS  T36-one-hop
=== T38: rendered fake-data scan (12 key pages) ===
PASS  T38-fake-data-scan
----------------------------------------
EXTRA CHECKS: PASS=13 FAIL=0
